// Jest Snapshot v1, https://goo.gl/fbAQLP

exports[`Testing <HomeScreen /> component. should render correctly. 1`] = `
<div>
  <h1>
    HomeScreen
  </h1>
  <hr />
  <pre>
    {
  "id": "007",
  "name": "Rodwyn Moreno",
  "email": "rodwynmoreno@gmail.com"
}
  </pre>
</div>
`;
